stm32l1xx_hal_i2c.c:7259:26:I2C_IsAcknowledgeFailed	0	static
stm32l1xx_hal_i2c.c:7025:26:I2C_WaitOnMasterAddressFlagUntilTimeout	24	static
stm32l1xx_hal_i2c.c:7114:26:I2C_WaitOnBTFFlagUntilTimeout	16	static
stm32l1xx_hal_i2c.c:7214:26:I2C_WaitOnRXNEFlagUntilTimeout	16	static
stm32l1xx_hal_i2c.c:6991:26:I2C_WaitOnFlagUntilTimeout	32	static
stm32l1xx_hal_i2c.c:7076:26:I2C_WaitOnTXEFlagUntilTimeout	16	static
stm32l1xx_hal_i2c.c:6526:26:I2C_RequestMemoryWrite	48	static
stm32l1xx_hal_i2c.c:6606:26:I2C_RequestMemoryRead	48	static
stm32l1xx_hal_i2c.c:596:13:HAL_I2C_MspInit	0	static
stm32l1xx_hal_i2c.c:435:19:HAL_I2C_Init	16	static
stm32l1xx_hal_i2c.c:612:13:HAL_I2C_MspDeInit	0	static
stm32l1xx_hal_i2c.c:550:19:HAL_I2C_DeInit	8	static
stm32l1xx_hal_i2c.c:1032:19:HAL_I2C_Master_Transmit	48	static
stm32l1xx_hal_i2c.c:1153:19:HAL_I2C_Master_Receive	64	static
stm32l1xx_hal_i2c.c:1397:19:HAL_I2C_Slave_Transmit	48	static
stm32l1xx_hal_i2c.c:1527:19:HAL_I2C_Slave_Receive	48	static
stm32l1xx_hal_i2c.c:1648:19:HAL_I2C_Master_Transmit_IT	24	static
stm32l1xx_hal_i2c.c:1728:19:HAL_I2C_Master_Receive_IT	24	static
stm32l1xx_hal_i2c.c:1810:19:HAL_I2C_Slave_Transmit_IT	8	static
stm32l1xx_hal_i2c.c:1872:19:HAL_I2C_Slave_Receive_IT	8	static
stm32l1xx_hal_i2c.c:1936:19:HAL_I2C_Master_Transmit_DMA	32	static
stm32l1xx_hal_i2c.c:2075:19:HAL_I2C_Master_Receive_DMA	24	static
stm32l1xx_hal_i2c.c:2212:19:HAL_I2C_Slave_Transmit_DMA	24	static
stm32l1xx_hal_i2c.c:2307:19:HAL_I2C_Slave_Receive_DMA	24	static
stm32l1xx_hal_i2c.c:2407:19:HAL_I2C_Mem_Write	40	static
stm32l1xx_hal_i2c.c:2530:19:HAL_I2C_Mem_Read	56	static
stm32l1xx_hal_i2c.c:2777:19:HAL_I2C_Mem_Write_IT	24	static
stm32l1xx_hal_i2c.c:2865:19:HAL_I2C_Mem_Read_IT	32	static
stm32l1xx_hal_i2c.c:2959:19:HAL_I2C_Mem_Write_DMA	48	static
stm32l1xx_hal_i2c.c:3124:19:HAL_I2C_Mem_Read_DMA	56	static
stm32l1xx_hal_i2c.c:3303:19:HAL_I2C_IsDeviceReady	56	static
stm32l1xx_hal_i2c.c:3439:19:HAL_I2C_Master_Seq_Transmit_IT	32	static
stm32l1xx_hal_i2c.c:3537:19:HAL_I2C_Master_Seq_Transmit_DMA	32	static
stm32l1xx_hal_i2c.c:3703:19:HAL_I2C_Master_Seq_Receive_IT	32	static
stm32l1xx_hal_i2c.c:3827:19:HAL_I2C_Master_Seq_Receive_DMA	32	static
stm32l1xx_hal_i2c.c:4030:19:HAL_I2C_Slave_Seq_Transmit_IT	24	static
stm32l1xx_hal_i2c.c:4096:19:HAL_I2C_Slave_Seq_Transmit_DMA	40	static
stm32l1xx_hal_i2c.c:4253:19:HAL_I2C_Slave_Seq_Receive_IT	24	static
stm32l1xx_hal_i2c.c:4319:19:HAL_I2C_Slave_Seq_Receive_DMA	40	static
stm32l1xx_hal_i2c.c:4472:19:HAL_I2C_EnableListen_IT	0	static
stm32l1xx_hal_i2c.c:4505:19:HAL_I2C_DisableListen_IT	0	static
stm32l1xx_hal_i2c.c:4845:13:HAL_I2C_MasterTxCpltCallback	0	static
stm32l1xx_hal_i2c.c:4861:13:HAL_I2C_MasterRxCpltCallback	0	static
stm32l1xx_hal_i2c.c:4876:13:HAL_I2C_SlaveTxCpltCallback	0	static
stm32l1xx_hal_i2c.c:4892:13:HAL_I2C_SlaveRxCpltCallback	0	static
stm32l1xx_hal_i2c.c:4910:13:HAL_I2C_AddrCallback	0	static
stm32l1xx_hal_i2c.c:4928:13:HAL_I2C_ListenCpltCallback	0	static
stm32l1xx_hal_i2c.c:4944:13:HAL_I2C_MemTxCpltCallback	0	static
stm32l1xx_hal_i2c.c:5234:13:I2C_MemoryTransmit_TXE_BTF	8	static
stm32l1xx_hal_i2c.c:4960:13:HAL_I2C_MemRxCpltCallback	0	static
stm32l1xx_hal_i2c.c:4976:13:HAL_I2C_ErrorCallback	0	static
stm32l1xx_hal_i2c.c:6853:13:I2C_DMAError	8	static
stm32l1xx_hal_i2c.c:6715:13:I2C_DMAXferCplt	16	static
stm32l1xx_hal_i2c.c:4992:13:HAL_I2C_AbortCpltCallback	0	static
stm32l1xx_hal_i2c.c:6888:13:I2C_DMAAbort	24	static
stm32l1xx_hal_i2c.c:6190:13:I2C_ITError	8	static
stm32l1xx_hal_i2c.c:4540:19:HAL_I2C_Master_Abort_IT	8	static
stm32l1xx_hal_i2c.c:4599:6:HAL_I2C_EV_IRQHandler	64	static
stm32l1xx_hal_i2c.c:4765:6:HAL_I2C_ER_IRQHandler	24	static
stm32l1xx_hal_i2c.c:5027:22:HAL_I2C_GetState	0	static
stm32l1xx_hal_i2c.c:5039:21:HAL_I2C_GetMode	0	static
stm32l1xx_hal_i2c.c:5050:10:HAL_I2C_GetError	0	static
